// Jest Snapshot v1, https://goo.gl/fbAQLP

exports[`<Authorized /> displays and renders properly 1`] = `""`;
