// Jest Snapshot v1, https://goo.gl/fbAQLP

exports[`<AuthContainer /> renders and displays properly 1`] = `
<Fragment>
  <div
    className="grid-container"
  >
    <AuthForm />
  </div>
</Fragment>
`;
