// Jest Snapshot v1, https://goo.gl/fbAQLP

exports[`<Button /> renders and displays properly 1`] = `
<styled.button
  onClick={[Function]}
>
  Submit
</styled.button>
`;
